// Jest Snapshot v1, https://goo.gl/fbAQLP

exports[`PersonalityTraits renders component 1`] = `
<div
  className="traits"
>
  <div
    className="mock"
  >
    Trait - 
    Alert
  </div>
  <div
    className="mock"
  >
    Trait - 
    Organic
  </div>
  <div
    className="mock"
  >
    Trait - 
    Loyal
  </div>
  <div
    className="mock"
  >
    Trait - 
    Relaxed
  </div>
  <div
    className="mock"
  >
    Trait - 
    Serious
  </div>
  <div
    className="mock"
  >
    Trait - 
    Altruistic
  </div>
  <div
    className="mock"
  >
    Trait - 
    Intellectually-Driven
  </div>
  <div
    className="mock"
  >
    Trait - 
    Steady
  </div>
  <p
    className="center"
  >
    <button
      className="toggle"
      onClick={[Function]}
      type="button"
    >
      show_more
    </button>
  </p>
</div>
`;

exports[`PersonalityTraits renders more traits 1`] = `
<div
  className="traits"
>
  <div
    className="mock"
  >
    Trait - 
    Alert
  </div>
  <div
    className="mock"
  >
    Trait - 
    Organic
  </div>
  <div
    className="mock"
  >
    Trait - 
    Loyal
  </div>
  <div
    className="mock"
  >
    Trait - 
    Relaxed
  </div>
  <div
    className="mock"
  >
    Trait - 
    Serious
  </div>
  <div
    className="mock"
  >
    Trait - 
    Altruistic
  </div>
  <div
    className="mock"
  >
    Trait - 
    Intellectually-Driven
  </div>
  <div
    className="mock"
  >
    Trait - 
    Steady
  </div>
  <div
    className="mock"
  >
    Trait - 
    Protective
  </div>
  <div
    className="mock"
  >
    Trait - 
    Inquisitive
  </div>
  <div
    className="mock"
  >
    Trait - 
    Earthy
  </div>
  <div
    className="mock"
  >
    Trait - 
    Spontaneous
  </div>
  <div
    className="mock"
  >
    Trait - 
    Observant
  </div>
  <div
    className="mock"
  >
    Trait - 
    Unconventional
  </div>
  <div
    className="mock"
  >
    Trait - 
    Optimistic
  </div>
  <div
    className="mock"
  >
    Trait - 
    Independent
  </div>
  <div
    className="mock"
  >
    Trait - 
    Leader
  </div>
  <div
    className="mock"
  >
    Trait - 
    Future-Focused
  </div>
  <div
    className="mock"
  >
    Trait - 
    Visionary
  </div>
  <div
    className="mock"
  >
    Trait - 
    Analytical
  </div>
  <div
    className="mock"
  >
    Trait - 
    Deliberate
  </div>
  <div
    className="mock"
  >
    Trait - 
    Likes Novelty
  </div>
  <div
    className="mock"
  >
    Trait - 
    Deep
  </div>
  <div
    className="mock"
  >
    Trait - 
    Open-Minded
  </div>
  <div
    className="mock"
  >
    Trait - 
    Prefers Working Alone
  </div>
  <div
    className="mock"
  >
    Trait - 
    Physically-Driven
  </div>
  <div
    className="mock"
  >
    Trait - 
    High-Energy
  </div>
  <div
    className="mock"
  >
    Trait - 
    Daring
  </div>
  <div
    className="mock"
  >
    Trait - 
    Conventional
  </div>
  <div
    className="mock"
  >
    Trait - 
    Meticulous
  </div>
  <div
    className="mock"
  >
    Trait - 
    Compulsive
  </div>
  <div
    className="mock"
  >
    Trait - 
    Creative
  </div>
  <div
    className="mock"
  >
    Trait - 
    Confident
  </div>
  <div
    className="mock"
  >
    Trait - 
    Goal-Oriented
  </div>
  <div
    className="mock"
  >
    Trait - 
    Flexible
  </div>
  <div
    className="mock"
  >
    Trait - 
    Detail-Oriented
  </div>
  <div
    className="mock"
  >
    Trait - 
    Patient
  </div>
  <div
    className="mock"
  >
    Trait - 
    Process-Oriented
  </div>
  <div
    className="mock"
  >
    Trait - 
    Concrete
  </div>
  <div
    className="mock"
  >
    Trait - 
    Likes Familiarity
  </div>
  <div
    className="mock"
  >
    Trait - 
    Aggressive
  </div>
  <div
    className="mock"
  >
    Trait - 
    Practical
  </div>
  <div
    className="mock"
  >
    Trait - 
    Whimsical
  </div>
  <div
    className="mock"
  >
    Trait - 
    Realistic
  </div>
  <div
    className="mock"
  >
    Trait - 
    Particular
  </div>
  <div
    className="mock"
  >
    Trait - 
    Direct
  </div>
  <div
    className="mock"
  >
    Trait - 
    Passionate
  </div>
  <div
    className="mock"
  >
    Trait - 
    Competitive
  </div>
  <div
    className="mock"
  >
    Trait - 
    Outgoing
  </div>
  <div
    className="mock"
  >
    Trait - 
    Prefers Working with Others
  </div>
  <div
    className="mock"
  >
    Trait - 
    Intuitive
  </div>
  <div
    className="mock"
  >
    Trait - 
    Stable
  </div>
  <div
    className="mock"
  >
    Trait - 
    Empathic
  </div>
  <div
    className="mock"
  >
    Trait - 
    Rational
  </div>
  <div
    className="mock"
  >
    Trait - 
    Sensitive
  </div>
  <div
    className="mock"
  >
    Trait - 
    Decisive
  </div>
  <p
    className="center"
  >
    <button
      className="toggle"
      onClick={[Function]}
      type="button"
    >
      show_less
    </button>
  </p>
</div>
`;

exports[`PersonalityTraits renders nothing if not ready 1`] = `null`;
