// Jest Snapshot v1, https://goo.gl/fbAQLP

exports[`Career renders component 1`] = `
<button
  className="container"
  onClick={[Function]}
  type="button"
>
  <img
    alt="Methane/Landfill Gas Collection System Operators"
    src="https://cdn.traitify.com/careers/d7da4259-9f10-4121-b0ca-7534b3ee2d3b_methane-landfill-gas-collection-system-operators"
  />
  <div
    className="content"
  >
    <h2
      className="title"
    >
      Methane/Landfill Gas Collection System Operators
    </h2>
    <p
      className="description"
    >
      Direct daily operations, maintenance, or repair of landfill gas projects, including maintenance of daily logs, determination of service priorities, and compliance with reporting requirements.
    </p>
    <h3
      className="subtitle"
    >
      education_level
    </h3>
    <ol
      className="experience"
    >
      <li
        className="active"
      />
      <li
        className=""
      />
      <li
        className=""
      />
      <li
        className=""
      />
      <li
        className=""
      />
    </ol>
    <h3
      className="subtitle"
    >
      education
    </h3>
    <p
      className="education"
    >
      experience_level_1
    </p>
    <h3
      className="subtitle"
    >
      match_rate
      <i
        className="matchRatePercent"
      >
        66
        %
      </i>
    </h3>
    <div
      className="matchRate"
    >
      <span
        data-match-rate="65.52296205600837%"
        style={
          {
            "width": "65.52296205600837%",
          }
        }
      />
    </div>
  </div>
</button>
`;
