// Jest Snapshot v1, https://goo.gl/fbAQLP

exports[`PersonalityBadge renders component 1`] = `
<div
  className="image"
  style={
    Object {
      "background": "rgba(50,191,76,0.085)",
      "border": "3px solid #32BF4C",
    }
  }
>
  <img
    alt="badge"
    role="presentation"
    src="https://cdn.traitify.com/badges/86a8b1fc-57ec-43af-85e9-f8b82dc7fe53_medium"
  />
</div>
`;
