// Jest Snapshot v1, https://goo.gl/fbAQLP

exports[`Paradox.EmployeeResults renders component 1`] = `
<section
  className="container"
>
  <div
    className="mock"
  >
    Personality Archetype Heading
  </div>
  <div
    className="mock"
  >
    Personality Archetype Skills
  </div>
  <div
    className="mock"
  >
    Personality Archetype Tips
  </div>
  <div
    className="mock"
  >
    Personality Dimension List
  </div>
</section>
`;
