// Jest Snapshot v1, https://goo.gl/fbAQLP

exports[`DimensionBasedResults renders results 1`] = `
<section>
  <div
    className="mock"
  >
    Radar
  </div>
  <div
    className="mock"
  >
    Personality Types
  </div>
  <div
    className="mock"
  >
    Personality Heading
  </div>
  <div
    className="mock"
  >
    Personality Details
  </div>
  <div
    className="mock"
  >
    Dimensions
  </div>
  <div
    className="mock"
  >
    Personality Traits
  </div>
</section>
`;
