// Jest Snapshot v1, https://goo.gl/fbAQLP

exports[`PersonalityDetails renders component 1`] = `
<div
  className="details"
>
  <div
    className="detailsLife"
  >
    <h2>
      This style in everyday life:
    </h2>
    <p>
      Everyday Life Title
    </p>
    <ul>
      <li>
        Everyday Life Detail
      </li>
    </ul>
  </div>
  <div
    className="detailsFinancial"
  >
    <h2>
      This style in financial decisions:
    </h2>
    <p>
      Financial Decisions Title
    </p>
    <ul>
      <li>
        Financial Decisions Detail
      </li>
    </ul>
  </div>
</div>
`;

exports[`PersonalityDetails renders nothing if no archetype 1`] = `null`;

exports[`PersonalityDetails renders nothing if not ready 1`] = `null`;
