// Jest Snapshot v1, https://goo.gl/fbAQLP

exports[`PersonalityTakeaways renders component 1`] = `
<div
  className="takeaways"
>
  <h2>
    Key Takeaways of 
    Conservative
     Financial Risk Style
  </h2>
  <ul>
    <li>
      Are unlikely to change strategy from year to year
    </li>
    <li>
      Decisions come relatively easily
    </li>
    <li>
      Have high degree of trust in financial advisors
    </li>
    <li>
      Make decisions after discussion and research
    </li>
    <li>
      Prefer a formal, structured decision making process
    </li>
    <li>
      Rely on data and precedent, not on hunches
    </li>
  </ul>
</div>
`;

exports[`PersonalityTakeaways renders nothing if no archetype 1`] = `null`;

exports[`PersonalityTakeaways renders nothing if no takeaways 1`] = `null`;

exports[`PersonalityTakeaways renders nothing if not ready 1`] = `null`;
