// Jest Snapshot v1, https://goo.gl/fbAQLP

exports[`Paradox.TypeBasedResults renders component 1`] = `
<section
  className="container"
>
  <div
    className="mock"
  >
    Personality Base
  </div>
  <div
    className="mock"
  >
    Personality Types
  </div>
  <div
    className="mock"
  >
    Personality Traits
  </div>
  <div
    className="mock"
  >
    Personality Details
  </div>
</section>
`;
