// Jest Snapshot v1, https://goo.gl/fbAQLP

exports[`Results renders candidate results 1`] = `
<div
  className="mock"
>
  Candidate
</div>
`;

exports[`Results renders cognitive results 1`] = `
<div
  className="mock"
>
  Cognitive
</div>
`;

exports[`Results renders dimension based results 1`] = `
<div
  className="mock"
>
  Dimension Based
</div>
`;

exports[`Results renders employee results 1`] = `
<div
  className="mock"
>
  Employee
</div>
`;

exports[`Results renders financial risk results 1`] = `
<div
  className="mock"
>
  Financial Risk
</div>
`;

exports[`Results renders manager results 1`] = `
<div
  className="mock"
>
  Manager
</div>
`;

exports[`Results renders nothing if not ready 1`] = `null`;

exports[`Results renders type based results 1`] = `
<div
  className="mock"
>
  Type Based
</div>
`;
