// Jest Snapshot v1, https://goo.gl/fbAQLP

exports[`PersonalityRecommendationChart renders component 1`] = `
<div
  className="container"
>
  <div
    className="canvasContainer"
  >
    <canvas
      aria-label="radar_chart_label"
      height="800"
      width="1600"
    />
  </div>
</div>
`;

exports[`PersonalityRecommendationChart renders component if guide not ready 1`] = `
<div
  className="container"
>
  <div
    className="canvasContainer"
  >
    <canvas
      aria-label="radar_chart_label"
      height="800"
      width="1600"
    />
  </div>
</div>
`;

exports[`PersonalityRecommendationChart renders component with updated guide 1`] = `
<div
  className="container"
>
  <div
    className="canvasContainer"
  >
    <canvas
      aria-label="radar_chart_label"
      height="800"
      width="1600"
    />
  </div>
</div>
`;

exports[`PersonalityRecommendationChart renders nothing if benchmark no longer ready 1`] = `null`;

exports[`PersonalityRecommendationChart renders nothing if benchmark not ready 1`] = `null`;

exports[`PersonalityRecommendationChart renders nothing if results no longer ready 1`] = `null`;

exports[`PersonalityRecommendationChart renders nothing if results not ready 1`] = `null`;

exports[`PersonalityRecommendationChart resize calls event listener callback 1`] = `
<div
  className="container"
>
  <div
    className="canvasContainer"
  >
    <canvas
      aria-label="radar_chart_label"
      height="800"
      width="1600"
    />
  </div>
</div>
`;
