// Jest Snapshot v1, https://goo.gl/fbAQLP

exports[`PersonalityHeading renders component 1`] = `
<div
  className="personality"
>
  <div
    className="content"
    dangerouslySetInnerHTML={
      {
        "__html": "personality_heading, [object Object]",
      }
    }
  />
</div>
`;

exports[`PersonalityHeading renders nothing if deck not ready 1`] = `null`;

exports[`PersonalityHeading renders nothing if no archetype 1`] = `null`;

exports[`PersonalityHeading renders nothing if results not ready 1`] = `null`;
