// Jest Snapshot v1, https://goo.gl/fbAQLP

exports[`PersonalityType renders component 1`] = `
<li
  className="type"
  style={
    {
      "borderLeft": "5px solid #000000",
    }
  }
>
  <div
    className="main"
    style={
      {
        "background": "rgba(0,0,0,0.085)",
      }
    }
  >
    <div
      className="content"
    >
      <h2
        className="title"
      >
        Agreeableness
        <span
          className="score"
        >
          6
           - 
          Medium
        </span>
      </h2>
    </div>
  </div>
</li>
`;
